Traceback (most recent call last):
  File "/root/hospital_management/echo/venv/bin/gunicorn", line 3, in <module>
    from gunicorn.app.wsgiapp import run
  File "/root/hospital_management/echo/venv/lib/python3.12/site-packages/gunicorn/app/wsgiapp.py", line 9, in <module>
    from gunicorn.app.base import Application
  File "/root/hospital_management/echo/venv/lib/python3.12/site-packages/gunicorn/app/base.py", line 11, in <module>
    from gunicorn import util
  File "/root/hospital_management/echo/venv/lib/python3.12/site-packages/gunicorn/util.py", line 25, in <module>
    import pkg_resources
ModuleNotFoundError: No module named 'pkg_resources'
Traceback (most recent call last):
  File "/root/hospital_management/echo/venv/bin/gunicorn", line 3, in <module>
    from gunicorn.app.wsgiapp import run
  File "/root/hospital_management/echo/venv/lib/python3.12/site-packages/gunicorn/app/wsgiapp.py", line 9, in <module>
    from gunicorn.app.base import Application
  File "/root/hospital_management/echo/venv/lib/python3.12/site-packages/gunicorn/app/base.py", line 11, in <module>
    from gunicorn import util
  File "/root/hospital_management/echo/venv/lib/python3.12/site-packages/gunicorn/util.py", line 25, in <module>
    import pkg_resources
ModuleNotFoundError: No module named 'pkg_resources'
Traceback (most recent call last):
  File "/root/hospital_management/echo/venv/bin/gunicorn", line 3, in <module>
    from gunicorn.app.wsgiapp import run
  File "/root/hospital_management/echo/venv/lib/python3.12/site-packages/gunicorn/app/wsgiapp.py", line 9, in <module>
    from gunicorn.app.base import Application
  File "/root/hospital_management/echo/venv/lib/python3.12/site-packages/gunicorn/app/base.py", line 11, in <module>
    from gunicorn import util
  File "/root/hospital_management/echo/venv/lib/python3.12/site-packages/gunicorn/util.py", line 25, in <module>
    import pkg_resources
ModuleNotFoundError: No module named 'pkg_resources'
Traceback (most recent call last):
  File "/root/hospital_management/echo/venv/bin/gunicorn", line 3, in <module>
    from gunicorn.app.wsgiapp import run
  File "/root/hospital_management/echo/venv/lib/python3.12/site-packages/gunicorn/app/wsgiapp.py", line 9, in <module>
    from gunicorn.app.base import Application
  File "/root/hospital_management/echo/venv/lib/python3.12/site-packages/gunicorn/app/base.py", line 11, in <module>
    from gunicorn import util
  File "/root/hospital_management/echo/venv/lib/python3.12/site-packages/gunicorn/util.py", line 25, in <module>
    import pkg_resources
ModuleNotFoundError: No module named 'pkg_resources'
[2026-07-15 11:12:34 +0000] [2542634] [INFO] Starting gunicorn 26.0.0
[2026-07-15 11:12:34 +0000] [2542634] [INFO] Listening at: http://127.0.0.1:8000 (2542634)
[2026-07-15 11:12:34 +0000] [2542634] [INFO] Using worker: sync
[2026-07-15 11:12:34 +0000] [2542635] [INFO] Booting worker with pid: 2542635
[2026-07-15 11:12:34 +0000] [2542636] [INFO] Booting worker with pid: 2542636
[2026-07-15 11:12:35 +0000] [2542637] [INFO] Booting worker with pid: 2542637
[2026-07-15 11:12:35 +0000] [2542634] [INFO] Control socket listening at /root/.gunicorn/gunicorn.ctl
Not Found: /favicon.png
Not Found: /favicon.png
Not Found: /favicon.png
Not Found: /robots.txt
Not Found: /favicon.png
Not Found: /favicon.png
Not Found: /robots.txt
[2026-07-15 11:44:16 +0000] [2542634] [INFO] Handling signal: term
[2026-07-15 12:44:16 +0100] [2542635] [INFO] Worker exiting (pid: 2542635)
[2026-07-15 12:44:16 +0100] [2542636] [INFO] Worker exiting (pid: 2542636)
[2026-07-15 12:44:16 +0100] [2542637] [INFO] Worker exiting (pid: 2542637)
[2026-07-15 11:44:20 +0000] [2542634] [INFO] Shutting down: Master
[2026-07-15 11:44:21 +0000] [2553537] [INFO] Starting gunicorn 26.0.0
[2026-07-15 11:44:21 +0000] [2553537] [INFO] Listening at: http://127.0.0.1:8000 (2553537)
[2026-07-15 11:44:21 +0000] [2553537] [INFO] Using worker: sync
[2026-07-15 11:44:21 +0000] [2553539] [INFO] Booting worker with pid: 2553539
[2026-07-15 11:44:21 +0000] [2553540] [INFO] Booting worker with pid: 2553540
[2026-07-15 11:44:22 +0000] [2553541] [INFO] Booting worker with pid: 2553541
[2026-07-15 11:44:22 +0000] [2553537] [INFO] Control socket listening at /root/.gunicorn/gunicorn.ctl
[2026-07-15 11:51:42 +0000] [1072] [INFO] Starting gunicorn 26.0.0
[2026-07-15 11:51:42 +0000] [1072] [INFO] Listening at: http://127.0.0.1:8000 (1072)
[2026-07-15 11:51:42 +0000] [1072] [INFO] Using worker: sync
[2026-07-15 11:51:42 +0000] [1268] [INFO] Booting worker with pid: 1268
[2026-07-15 11:51:42 +0000] [1286] [INFO] Booting worker with pid: 1286
[2026-07-15 11:51:42 +0000] [1293] [INFO] Booting worker with pid: 1293
[2026-07-15 11:51:43 +0000] [1072] [INFO] Control socket listening at /root/.gunicorn/gunicorn.ctl
[2026-07-15 11:54:13 +0000] [1072] [INFO] Handling signal: term
[2026-07-15 12:54:13 +0100] [1286] [INFO] Worker exiting (pid: 1286)
[2026-07-15 12:54:13 +0100] [1293] [INFO] Worker exiting (pid: 1293)
[2026-07-15 12:54:13 +0100] [1268] [INFO] Worker exiting (pid: 1268)
[2026-07-15 11:54:16 +0000] [1072] [INFO] Shutting down: Master
[2026-07-15 11:54:18 +0000] [3945] [INFO] Starting gunicorn 26.0.0
[2026-07-15 11:54:18 +0000] [3945] [INFO] Listening at: http://127.0.0.1:8000 (3945)
[2026-07-15 11:54:18 +0000] [3945] [INFO] Using worker: sync
[2026-07-15 11:54:18 +0000] [3947] [INFO] Booting worker with pid: 3947
[2026-07-15 11:54:18 +0000] [3948] [INFO] Booting worker with pid: 3948
[2026-07-15 11:54:18 +0000] [3949] [INFO] Booting worker with pid: 3949
[2026-07-15 11:54:19 +0000] [3945] [INFO] Control socket listening at /root/.gunicorn/gunicorn.ctl
Not Found: /robots.txt
Not Found: /robots.txt
Not Found: /.env
[2026-07-15 12:49:37 +0000] [3945] [INFO] Handling signal: term
[2026-07-15 13:49:37 +0100] [3948] [INFO] Worker exiting (pid: 3948)
[2026-07-15 13:49:37 +0100] [3949] [INFO] Worker exiting (pid: 3949)
[2026-07-15 13:49:37 +0100] [3947] [INFO] Worker exiting (pid: 3947)
[2026-07-15 12:49:42 +0000] [3945] [INFO] Shutting down: Master
[2026-07-15 12:49:43 +0000] [20308] [INFO] Starting gunicorn 26.0.0
[2026-07-15 12:49:43 +0000] [20308] [INFO] Listening at: http://127.0.0.1:8000 (20308)
[2026-07-15 12:49:43 +0000] [20308] [INFO] Using worker: sync
[2026-07-15 12:49:43 +0000] [20310] [INFO] Booting worker with pid: 20310
[2026-07-15 12:49:43 +0000] [20311] [INFO] Booting worker with pid: 20311
[2026-07-15 12:49:43 +0000] [20312] [INFO] Booting worker with pid: 20312
[2026-07-15 12:49:43 +0000] [20308] [INFO] Control socket listening at /root/.gunicorn/gunicorn.ctl
load_default_templates: categorie "Compte-rendu opératoire" not found, skipping "Césarienne"
load_default_templates: categorie "Compte-rendu opératoire" not found, skipping "Hystérectomie"
load_default_templates: categorie "Compte-rendu opératoire" not found, skipping "Hystéroscopie"
load_default_templates: categorie "Compte-rendu opératoire" not found, skipping "PUG Voie basse"
Forbidden (Permission denied): /
Traceback (most recent call last):
  File "/root/hospital_management/echo/venv/lib/python3.12/site-packages/django/core/handlers/exception.py", line 55, in inner
    response = get_response(request)
               ^^^^^^^^^^^^^^^^^^^^^
  File "/root/hospital_management/echo/venv/lib/python3.12/site-packages/django/core/handlers/base.py", line 197, in _get_response
    response = wrapped_callback(request, *callback_args, **callback_kwargs)
               ^^^^^^^^^^^^^^^^^^^^^^^^^^^^^^^^^^^^^^^^^^^^^^^^^^^^^^^^^^^^
  File "/root/hospital_management/echo/venv/lib/python3.12/site-packages/django/views/generic/base.py", line 84, in view
    return self.dispatch(request, *args, **kwargs)
           ^^^^^^^^^^^^^^^^^^^^^^^^^^^^^^^^^^^^^^^
  File "/root/hospital_management/echo/venv/lib/python3.12/site-packages/django/contrib/auth/mixins.py", line 73, in dispatch
    return super().dispatch(request, *args, **kwargs)
           ^^^^^^^^^^^^^^^^^^^^^^^^^^^^^^^^^^^^^^^^^^
  File "/root/hospital_management/echo/venv/lib/python3.12/site-packages/django/contrib/auth/mixins.py", line 108, in dispatch
    return self.handle_no_permission()
           ^^^^^^^^^^^^^^^^^^^^^^^^^^^
  File "/root/hospital_management/echo/venv/lib/python3.12/site-packages/django/contrib/auth/mixins.py", line 48, in handle_no_permission
    raise PermissionDenied(self.get_permission_denied_message())
django.core.exceptions.PermissionDenied
Forbidden (Permission denied): /
Traceback (most recent call last):
  File "/root/hospital_management/echo/venv/lib/python3.12/site-packages/django/core/handlers/exception.py", line 55, in inner
    response = get_response(request)
               ^^^^^^^^^^^^^^^^^^^^^
  File "/root/hospital_management/echo/venv/lib/python3.12/site-packages/django/core/handlers/base.py", line 197, in _get_response
    response = wrapped_callback(request, *callback_args, **callback_kwargs)
               ^^^^^^^^^^^^^^^^^^^^^^^^^^^^^^^^^^^^^^^^^^^^^^^^^^^^^^^^^^^^
  File "/root/hospital_management/echo/venv/lib/python3.12/site-packages/django/views/generic/base.py", line 84, in view
    return self.dispatch(request, *args, **kwargs)
           ^^^^^^^^^^^^^^^^^^^^^^^^^^^^^^^^^^^^^^^
  File "/root/hospital_management/echo/venv/lib/python3.12/site-packages/django/contrib/auth/mixins.py", line 73, in dispatch
    return super().dispatch(request, *args, **kwargs)
           ^^^^^^^^^^^^^^^^^^^^^^^^^^^^^^^^^^^^^^^^^^
  File "/root/hospital_management/echo/venv/lib/python3.12/site-packages/django/contrib/auth/mixins.py", line 108, in dispatch
    return self.handle_no_permission()
           ^^^^^^^^^^^^^^^^^^^^^^^^^^^
  File "/root/hospital_management/echo/venv/lib/python3.12/site-packages/django/contrib/auth/mixins.py", line 48, in handle_no_permission
    raise PermissionDenied(self.get_permission_denied_message())
django.core.exceptions.PermissionDenied
[2026-07-15 13:02:21 +0000] [20308] [INFO] Handling signal: term
[2026-07-15 14:02:21 +0100] [20310] [INFO] Worker exiting (pid: 20310)
[2026-07-15 14:02:21 +0100] [20311] [INFO] Worker exiting (pid: 20311)
[2026-07-15 14:02:21 +0100] [20312] [INFO] Worker exiting (pid: 20312)
[2026-07-15 13:02:27 +0000] [20308] [INFO] Shutting down: Master
[2026-07-15 13:02:27 +0000] [28483] [INFO] Starting gunicorn 26.0.0
[2026-07-15 13:02:27 +0000] [28483] [INFO] Listening at: http://127.0.0.1:8000 (28483)
[2026-07-15 13:02:27 +0000] [28483] [INFO] Using worker: sync
[2026-07-15 13:02:27 +0000] [28484] [INFO] Booting worker with pid: 28484
[2026-07-15 13:02:27 +0000] [28485] [INFO] Booting worker with pid: 28485
[2026-07-15 13:02:27 +0000] [28486] [INFO] Booting worker with pid: 28486
[2026-07-15 13:02:28 +0000] [28483] [INFO] Control socket listening at /root/.gunicorn/gunicorn.ctl
Forbidden (Permission denied): /
Traceback (most recent call last):
  File "/root/hospital_management/echo/venv/lib/python3.12/site-packages/django/core/handlers/exception.py", line 55, in inner
    response = get_response(request)
               ^^^^^^^^^^^^^^^^^^^^^
  File "/root/hospital_management/echo/venv/lib/python3.12/site-packages/django/core/handlers/base.py", line 197, in _get_response
    response = wrapped_callback(request, *callback_args, **callback_kwargs)
               ^^^^^^^^^^^^^^^^^^^^^^^^^^^^^^^^^^^^^^^^^^^^^^^^^^^^^^^^^^^^
  File "/root/hospital_management/echo/venv/lib/python3.12/site-packages/django/views/generic/base.py", line 84, in view
    return self.dispatch(request, *args, **kwargs)
           ^^^^^^^^^^^^^^^^^^^^^^^^^^^^^^^^^^^^^^^
  File "/root/hospital_management/echo/venv/lib/python3.12/site-packages/django/contrib/auth/mixins.py", line 73, in dispatch
    return super().dispatch(request, *args, **kwargs)
           ^^^^^^^^^^^^^^^^^^^^^^^^^^^^^^^^^^^^^^^^^^
  File "/root/hospital_management/echo/venv/lib/python3.12/site-packages/django/contrib/auth/mixins.py", line 108, in dispatch
    return self.handle_no_permission()
           ^^^^^^^^^^^^^^^^^^^^^^^^^^^
  File "/root/hospital_management/echo/venv/lib/python3.12/site-packages/django/contrib/auth/mixins.py", line 48, in handle_no_permission
    raise PermissionDenied(self.get_permission_denied_message())
django.core.exceptions.PermissionDenied
Forbidden (Permission denied): /
Traceback (most recent call last):
  File "/root/hospital_management/echo/venv/lib/python3.12/site-packages/django/core/handlers/exception.py", line 55, in inner
    response = get_response(request)
               ^^^^^^^^^^^^^^^^^^^^^
  File "/root/hospital_management/echo/venv/lib/python3.12/site-packages/django/core/handlers/base.py", line 197, in _get_response
    response = wrapped_callback(request, *callback_args, **callback_kwargs)
               ^^^^^^^^^^^^^^^^^^^^^^^^^^^^^^^^^^^^^^^^^^^^^^^^^^^^^^^^^^^^
  File "/root/hospital_management/echo/venv/lib/python3.12/site-packages/django/views/generic/base.py", line 84, in view
    return self.dispatch(request, *args, **kwargs)
           ^^^^^^^^^^^^^^^^^^^^^^^^^^^^^^^^^^^^^^^
  File "/root/hospital_management/echo/venv/lib/python3.12/site-packages/django/contrib/auth/mixins.py", line 73, in dispatch
    return super().dispatch(request, *args, **kwargs)
           ^^^^^^^^^^^^^^^^^^^^^^^^^^^^^^^^^^^^^^^^^^
  File "/root/hospital_management/echo/venv/lib/python3.12/site-packages/django/contrib/auth/mixins.py", line 108, in dispatch
    return self.handle_no_permission()
           ^^^^^^^^^^^^^^^^^^^^^^^^^^^
  File "/root/hospital_management/echo/venv/lib/python3.12/site-packages/django/contrib/auth/mixins.py", line 48, in handle_no_permission
    raise PermissionDenied(self.get_permission_denied_message())
django.core.exceptions.PermissionDenied
Forbidden (Permission denied): /
Traceback (most recent call last):
  File "/root/hospital_management/echo/venv/lib/python3.12/site-packages/django/core/handlers/exception.py", line 55, in inner
    response = get_response(request)
               ^^^^^^^^^^^^^^^^^^^^^
  File "/root/hospital_management/echo/venv/lib/python3.12/site-packages/django/core/handlers/base.py", line 197, in _get_response
    response = wrapped_callback(request, *callback_args, **callback_kwargs)
               ^^^^^^^^^^^^^^^^^^^^^^^^^^^^^^^^^^^^^^^^^^^^^^^^^^^^^^^^^^^^
  File "/root/hospital_management/echo/venv/lib/python3.12/site-packages/django/views/generic/base.py", line 84, in view
    return self.dispatch(request, *args, **kwargs)
           ^^^^^^^^^^^^^^^^^^^^^^^^^^^^^^^^^^^^^^^
  File "/root/hospital_management/echo/venv/lib/python3.12/site-packages/django/contrib/auth/mixins.py", line 73, in dispatch
    return super().dispatch(request, *args, **kwargs)
           ^^^^^^^^^^^^^^^^^^^^^^^^^^^^^^^^^^^^^^^^^^
  File "/root/hospital_management/echo/venv/lib/python3.12/site-packages/django/contrib/auth/mixins.py", line 108, in dispatch
    return self.handle_no_permission()
           ^^^^^^^^^^^^^^^^^^^^^^^^^^^
  File "/root/hospital_management/echo/venv/lib/python3.12/site-packages/django/contrib/auth/mixins.py", line 48, in handle_no_permission
    raise PermissionDenied(self.get_permission_denied_message())
django.core.exceptions.PermissionDenied
Forbidden (Permission denied): /
Traceback (most recent call last):
  File "/root/hospital_management/echo/venv/lib/python3.12/site-packages/django/core/handlers/exception.py", line 55, in inner
    response = get_response(request)
               ^^^^^^^^^^^^^^^^^^^^^
  File "/root/hospital_management/echo/venv/lib/python3.12/site-packages/django/core/handlers/base.py", line 197, in _get_response
    response = wrapped_callback(request, *callback_args, **callback_kwargs)
               ^^^^^^^^^^^^^^^^^^^^^^^^^^^^^^^^^^^^^^^^^^^^^^^^^^^^^^^^^^^^
  File "/root/hospital_management/echo/venv/lib/python3.12/site-packages/django/views/generic/base.py", line 84, in view
    return self.dispatch(request, *args, **kwargs)
           ^^^^^^^^^^^^^^^^^^^^^^^^^^^^^^^^^^^^^^^
  File "/root/hospital_management/echo/venv/lib/python3.12/site-packages/django/contrib/auth/mixins.py", line 73, in dispatch
    return super().dispatch(request, *args, **kwargs)
           ^^^^^^^^^^^^^^^^^^^^^^^^^^^^^^^^^^^^^^^^^^
  File "/root/hospital_management/echo/venv/lib/python3.12/site-packages/django/contrib/auth/mixins.py", line 108, in dispatch
    return self.handle_no_permission()
           ^^^^^^^^^^^^^^^^^^^^^^^^^^^
  File "/root/hospital_management/echo/venv/lib/python3.12/site-packages/django/contrib/auth/mixins.py", line 48, in handle_no_permission
    raise PermissionDenied(self.get_permission_denied_message())
django.core.exceptions.PermissionDenied
[2026-07-15 13:04:27 +0000] [28483] [INFO] Handling signal: term
[2026-07-15 14:04:27 +0100] [28485] [INFO] Worker exiting (pid: 28485)
[2026-07-15 14:04:27 +0100] [28486] [INFO] Worker exiting (pid: 28486)
[2026-07-15 14:04:27 +0100] [28484] [INFO] Worker exiting (pid: 28484)
[2026-07-15 13:04:32 +0000] [28483] [INFO] Shutting down: Master
[2026-07-15 13:04:33 +0000] [29523] [INFO] Starting gunicorn 26.0.0
[2026-07-15 13:04:33 +0000] [29523] [INFO] Listening at: http://127.0.0.1:8000 (29523)
[2026-07-15 13:04:33 +0000] [29523] [INFO] Using worker: sync
[2026-07-15 13:04:33 +0000] [29524] [INFO] Booting worker with pid: 29524
[2026-07-15 13:04:33 +0000] [29525] [INFO] Booting worker with pid: 29525
[2026-07-15 13:04:33 +0000] [29526] [INFO] Booting worker with pid: 29526
[2026-07-15 13:04:33 +0000] [29523] [INFO] Control socket listening at /root/.gunicorn/gunicorn.ctl
Running under gunicorn — skipping DICOM auto-start (use store.py separately)
Running under gunicorn — skipping DICOM auto-start (use store.py separately)
Running under gunicorn — skipping DICOM auto-start (use store.py separately)
Forbidden (Permission denied): /
Traceback (most recent call last):
  File "/root/hospital_management/echo/venv/lib/python3.12/site-packages/django/core/handlers/exception.py", line 55, in inner
    response = get_response(request)
               ^^^^^^^^^^^^^^^^^^^^^
  File "/root/hospital_management/echo/venv/lib/python3.12/site-packages/django/core/handlers/base.py", line 197, in _get_response
    response = wrapped_callback(request, *callback_args, **callback_kwargs)
               ^^^^^^^^^^^^^^^^^^^^^^^^^^^^^^^^^^^^^^^^^^^^^^^^^^^^^^^^^^^^
  File "/root/hospital_management/echo/venv/lib/python3.12/site-packages/django/views/generic/base.py", line 84, in view
    return self.dispatch(request, *args, **kwargs)
           ^^^^^^^^^^^^^^^^^^^^^^^^^^^^^^^^^^^^^^^
  File "/root/hospital_management/echo/venv/lib/python3.12/site-packages/django/contrib/auth/mixins.py", line 73, in dispatch
    return super().dispatch(request, *args, **kwargs)
           ^^^^^^^^^^^^^^^^^^^^^^^^^^^^^^^^^^^^^^^^^^
  File "/root/hospital_management/echo/venv/lib/python3.12/site-packages/django/contrib/auth/mixins.py", line 108, in dispatch
    return self.handle_no_permission()
           ^^^^^^^^^^^^^^^^^^^^^^^^^^^
  File "/root/hospital_management/echo/venv/lib/python3.12/site-packages/django/contrib/auth/mixins.py", line 48, in handle_no_permission
    raise PermissionDenied(self.get_permission_denied_message())
django.core.exceptions.PermissionDenied
Forbidden (Permission denied): /
Traceback (most recent call last):
  File "/root/hospital_management/echo/venv/lib/python3.12/site-packages/django/core/handlers/exception.py", line 55, in inner
    response = get_response(request)
               ^^^^^^^^^^^^^^^^^^^^^
  File "/root/hospital_management/echo/venv/lib/python3.12/site-packages/django/core/handlers/base.py", line 197, in _get_response
    response = wrapped_callback(request, *callback_args, **callback_kwargs)
               ^^^^^^^^^^^^^^^^^^^^^^^^^^^^^^^^^^^^^^^^^^^^^^^^^^^^^^^^^^^^
  File "/root/hospital_management/echo/venv/lib/python3.12/site-packages/django/views/generic/base.py", line 84, in view
    return self.dispatch(request, *args, **kwargs)
           ^^^^^^^^^^^^^^^^^^^^^^^^^^^^^^^^^^^^^^^
  File "/root/hospital_management/echo/venv/lib/python3.12/site-packages/django/contrib/auth/mixins.py", line 73, in dispatch
    return super().dispatch(request, *args, **kwargs)
           ^^^^^^^^^^^^^^^^^^^^^^^^^^^^^^^^^^^^^^^^^^
  File "/root/hospital_management/echo/venv/lib/python3.12/site-packages/django/contrib/auth/mixins.py", line 108, in dispatch
    return self.handle_no_permission()
           ^^^^^^^^^^^^^^^^^^^^^^^^^^^
  File "/root/hospital_management/echo/venv/lib/python3.12/site-packages/django/contrib/auth/mixins.py", line 48, in handle_no_permission
    raise PermissionDenied(self.get_permission_denied_message())
django.core.exceptions.PermissionDenied
Forbidden (Permission denied): /
Traceback (most recent call last):
  File "/root/hospital_management/echo/venv/lib/python3.12/site-packages/django/core/handlers/exception.py", line 55, in inner
    response = get_response(request)
               ^^^^^^^^^^^^^^^^^^^^^
  File "/root/hospital_management/echo/venv/lib/python3.12/site-packages/django/core/handlers/base.py", line 197, in _get_response
    response = wrapped_callback(request, *callback_args, **callback_kwargs)
               ^^^^^^^^^^^^^^^^^^^^^^^^^^^^^^^^^^^^^^^^^^^^^^^^^^^^^^^^^^^^
  File "/root/hospital_management/echo/venv/lib/python3.12/site-packages/django/views/generic/base.py", line 84, in view
    return self.dispatch(request, *args, **kwargs)
           ^^^^^^^^^^^^^^^^^^^^^^^^^^^^^^^^^^^^^^^
  File "/root/hospital_management/echo/venv/lib/python3.12/site-packages/django/contrib/auth/mixins.py", line 73, in dispatch
    return super().dispatch(request, *args, **kwargs)
           ^^^^^^^^^^^^^^^^^^^^^^^^^^^^^^^^^^^^^^^^^^
  File "/root/hospital_management/echo/venv/lib/python3.12/site-packages/django/contrib/auth/mixins.py", line 108, in dispatch
    return self.handle_no_permission()
           ^^^^^^^^^^^^^^^^^^^^^^^^^^^
  File "/root/hospital_management/echo/venv/lib/python3.12/site-packages/django/contrib/auth/mixins.py", line 48, in handle_no_permission
    raise PermissionDenied(self.get_permission_denied_message())
django.core.exceptions.PermissionDenied
LOGIN_ATTEMPT username=raza
LOGIN_FOUND_BY_USERNAME username=raza active=True
LOGIN_PASSWORD_CHECK username=raza result=True
LOGIN_CAN_AUTHENTICATE username=raza result=True
LOGIN_SUCCESS user=raza
Not Found: /robots.txt
LOGIN_ATTEMPT username=raza
LOGIN_FOUND_BY_USERNAME username=raza active=True
LOGIN_PASSWORD_CHECK username=raza result=True
LOGIN_CAN_AUTHENTICATE username=raza result=True
LOGIN_SUCCESS user=raza
Not Found: /auth
Not Found: /robots.txt
Invalid HTTP_HOST header: 'api.pptfinders.com'. You may need to add 'api.pptfinders.com' to ALLOWED_HOSTS.
Bad Request: /
Invalid HTTP_HOST header: 'api.pptfinders.com'. You may need to add 'api.pptfinders.com' to ALLOWED_HOSTS.
Bad Request: /
Invalid HTTP_HOST header: 'api.pptfinders.com'. You may need to add 'api.pptfinders.com' to ALLOWED_HOSTS.
Bad Request: /
Invalid HTTP_HOST header: '187-77-184-12.user3g.veloxzone.com.br'. You may need to add '187-77-184-12.user3g.veloxzone.com.br' to ALLOWED_HOSTS.
Bad Request: /
Invalid HTTP_HOST header: '187-77-184-12.user3g.veloxzone.com.br'. You may need to add '187-77-184-12.user3g.veloxzone.com.br' to ALLOWED_HOSTS.
Bad Request: /
Invalid HTTP_HOST header: '187-77-184-12.user3g.veloxzone.com.br'. You may need to add '187-77-184-12.user3g.veloxzone.com.br' to ALLOWED_HOSTS.
Bad Request: /
Invalid HTTP_HOST header: 'api.pptfinders.com'. You may need to add 'api.pptfinders.com' to ALLOWED_HOSTS.
Bad Request: /
Invalid HTTP_HOST header: 'clinicalgynecologists.space'. You may need to add 'clinicalgynecologists.space' to ALLOWED_HOSTS.
Bad Request: /.env
Invalid HTTP_HOST header: 'clinicalgynecologists.space'. You may need to add 'clinicalgynecologists.space' to ALLOWED_HOSTS.
Bad Request: /phpinfo.php
Invalid HTTP_HOST header: 'clinicalgynecologists.space'. You may need to add 'clinicalgynecologists.space' to ALLOWED_HOSTS.
Bad Request: /db.sql
Invalid HTTP_HOST header: 'clinicalgynecologists.space'. You may need to add 'clinicalgynecologists.space' to ALLOWED_HOSTS.
Bad Request: /wp-config.old
Invalid HTTP_HOST header: 'clinicalgynecologists.space'. You may need to add 'clinicalgynecologists.space' to ALLOWED_HOSTS.
Bad Request: /config.json
Invalid HTTP_HOST header: 'clinicalgynecologists.space'. You may need to add 'clinicalgynecologists.space' to ALLOWED_HOSTS.
Bad Request: /database.sql
Invalid HTTP_HOST header: 'clinicalgynecologists.space'. You may need to add 'clinicalgynecologists.space' to ALLOWED_HOSTS.
Bad Request: /settings.py
Invalid HTTP_HOST header: 'clinicalgynecologists.space'. You may need to add 'clinicalgynecologists.space' to ALLOWED_HOSTS.
Bad Request: /app/config/parameters.yml
Invalid HTTP_HOST header: 'clinicalgynecologists.space'. You may need to add 'clinicalgynecologists.space' to ALLOWED_HOSTS.
Bad Request: /config.php
Invalid HTTP_HOST header: 'clinicalgynecologists.space'. You may need to add 'clinicalgynecologists.space' to ALLOWED_HOSTS.
Invalid HTTP_HOST header: 'clinicalgynecologists.space'. You may need to add 'clinicalgynecologists.space' to ALLOWED_HOSTS.
Bad Request: /configuration.php.bak
Invalid HTTP_HOST header: 'clinicalgynecologists.space'. You may need to add 'clinicalgynecologists.space' to ALLOWED_HOSTS.
Bad Request: /configuration.php
Bad Request: /dump.sql
Invalid HTTP_HOST header: 'clinicalgynecologists.space'. You may need to add 'clinicalgynecologists.space' to ALLOWED_HOSTS.
Invalid HTTP_HOST header: 'clinicalgynecologists.space'. You may need to add 'clinicalgynecologists.space' to ALLOWED_HOSTS.
Bad Request: /.git/config
Bad Request: /backup.sql
Invalid HTTP_HOST header: 'clinicalgynecologists.space'. You may need to add 'clinicalgynecologists.space' to ALLOWED_HOSTS.
Invalid HTTP_HOST header: 'clinicalgynecologists.space'. You may need to add 'clinicalgynecologists.space' to ALLOWED_HOSTS.
Bad Request: /config.yml
Bad Request: /.htpasswd
Invalid HTTP_HOST header: 'api.pptfinders.com'. You may need to add 'api.pptfinders.com' to ALLOWED_HOSTS.
Bad Request: /robots.txt
Invalid HTTP_HOST header: 'clinicalgynecologists.space'. You may need to add 'clinicalgynecologists.space' to ALLOWED_HOSTS.
Bad Request: /
Invalid HTTP_HOST header: 'clinicalgynecologists.space'. You may need to add 'clinicalgynecologists.space' to ALLOWED_HOSTS.
Bad Request: /robots.txt
Invalid HTTP_HOST header: 'api.pptfinders.com'. You may need to add 'api.pptfinders.com' to ALLOWED_HOSTS.
Bad Request: /robots.txt
Invalid HTTP_HOST header: 'api.pptfinders.com'. You may need to add 'api.pptfinders.com' to ALLOWED_HOSTS.
Bad Request: /static/electronicengineer.png
Not Found: /wp-login.php
Invalid HTTP_HOST header: 'clinicalgynecologists.space'. You may need to add 'clinicalgynecologists.space' to ALLOWED_HOSTS.
Bad Request: /
Invalid HTTP_HOST header: 'api.pptfinders.com'. You may need to add 'api.pptfinders.com' to ALLOWED_HOSTS.
Bad Request: /components/com_sppagebuilder/assets/css/sppagebuilder.css
Not Found: /.git/config
Not Found: /.git/config
Forbidden (Referer checking failed - no Referer.): /
Not Found: /.env
Not Found: /.env.local
Not Found: /.env.production
Not Found: /.env.staging
Not Found: /.env.development
Not Found: /.env.test
Not Found: /.env.remote
Not Found: /.env.bak
Not Found: /.env.backup
Not Found: /.env.save
Not Found: /.env.old
Not Found: /.env.sample
Not Found: /.env.example
Not Found: /.env.dev
Not Found: /.env.prod
Not Found: /.env.stage
Not Found: /.env.ci
Not Found: /.env.docker
Not Found: /.env.live
Not Found: /.env.preprod
Not Found: /.env.uat
Not Found: /.env.dist
Not Found: /.env.swp
Not Found: /.env~
Not Found: /.env1
Not Found: /.env2
Not Found: /.env_copy
Not Found: /.env.txt
Not Found: /.env.json
Not Found: /.env.yaml
Not Found: /.env.yml
Not Found: /app/.env
Not Found: /apps/.env
Not Found: /api/.env
Not Found: /web/.env
Not Found: /site/.env
Not Found: /public/.env
Not Found: /backend/.env
Not Found: /server/.env
Not Found: /frontend/.env
Not Found: /src/.env
Not Found: /core/.env
Not Found: /core/app/.env
Not Found: /config/.env
Not Found: /private/.env
Not Found: /application/.env
Not Found: /bootstrap/.env
Not Found: /database/.env
Not Found: /storage/.env
Not Found: /var/www/.env
Not Found: /var/www/html/.env
Not Found: /current/.env
Not Found: /release/.env
Not Found: /releases/.env
Not Found: /shared/.env
Not Found: /deploy/.env
Not Found: /build/.env
Not Found: /dist/.env
Not Found: /public_html/.env
Not Found: /htdocs/.env
Not Found: /www/.env
Not Found: /html/.env
Not Found: /live/.env
Not Found: /prod/.env
Not Found: /dev/.env
Not Found: /staging/.env
Not Found: /opt/.env
Not Found: /laravel/.env
Not Found: /symfony/.env
Not Found: /wordpress/.env
Not Found: /wp/.env
Not Found: /cms/.env
Not Found: /drupal/.env
Not Found: /joomla/.env
Not Found: /magento/.env
Not Found: /shopify/.env
Not Found: /prestashop/.env
Not Found: /codeigniter/.env
Not Found: /cakephp/.env
Not Found: /zend/.env
Not Found: /yii/.env
Not Found: /laravel5/.env
Not Found: /v1/.env
Not Found: /v2/.env
Not Found: /v3/.env
Not Found: /api/v1/.env
Not Found: /api/v2/.env
Not Found: /rest/.env
Not Found: /graphql/.env
Not Found: /gateway/.env
Not Found: /microservice/.env
Not Found: /service/.env
Not Found: /api/v3/.env
Not Found: /api/dev/.env
Not Found: /api/staging/.env
Not Found: /vendor/.env
Not Found: /lib/.env
Not Found: /resources/.env
Not Found: /assets/.env
Not Found: /uploads/.env
Not Found: /internal/.env
Not Found: /tools/.env
Not Found: /scripts/.env
Not Found: /bin/.env
Not Found: /sbin/.env
Not Found: /local/.env
Not Found: /portal/.env
Not Found: /dashboard/.env
Not Found: /panel/.env
Not Found: /crm/.env
Not Found: /erp/.env
Not Found: /shop/.env
Not Found: /store/.env
Not Found: /saas/.env
Not Found: /client/.env
Not Found: /project/.env
Not Found: /admin-panel/.env
Not Found: /control-panel/.env
Not Found: /user-panel/.env
Not Found: /node/.env
Not Found: /express/.env
Not Found: /next/.env
Not Found: /nuxt/.env
Not Found: /nest/.env
Not Found: /react/.env
Not Found: /vue/.env
Not Found: /angular/.env
Not Found: /svelte/.env
Not Found: /vite/.env
Not Found: /backup/.env
Not Found: /backups/.env
Not Found: /old/.env
Not Found: /tmp/.env
Not Found: /temp/.env
Not Found: /lab/.env
Not Found: /cronlab/.env
Not Found: /cron/.env
Not Found: /en/.env
Not Found: /administrator/.env
Not Found: /psnlink/.env
Not Found: /exapi/.env
Not Found: /sitemaps/.env
Not Found: /.env.backup1
Not Found: /.env.backup2
Not Found: /logs/.env
Not Found: /cache/.env
Not Found: /mailer/.env
Not Found: /mail/.env
Not Found: /email/.env
Not Found: /smtp/.env
Not Found: /mailing/.env
Not Found: /notifications/.env
Not Found: /notify/.env
Not Found: /sender/.env
Not Found: /campaign/.env
Not Found: /newsletter/.env
Not Found: /ses/.env
Not Found: /sendgrid/.env
Not Found: /sparkpost/.env
Not Found: /postmark/.env
Not Found: /mailgun/.env
Not Found: /mandrill/.env
Not Found: /mailjet/.env
Not Found: /brevo/.env
Not Found: /transactional/.env
Not Found: /bulk/.env
Not Found: /aws/.env
Not Found: /azure/.env
Not Found: /gcp/.env
Not Found: /cloud/.env
Not Found: /infrastructure/.env
Not Found: /docker/.env
Not Found: /k8s/.env
Not Found: /kubernetes/.env
Not Found: /terraform/.env
Not Found: /ansible/.env
Not Found: /.git/.env
Not Found: /ci/.env
Not Found: /cd/.env
Not Found: /jenkins/.env
Not Found: /gitlab/.env
Not Found: /github/.env
Not Found: /actions/.env
Not Found: /circleci/.env
Not Found: /travis/.env
Not Found: /buildkite/.env
Not Found: /mysql/.env
Not Found: /postgres/.env
Not Found: /mongodb/.env
Not Found: /redis/.env
Not Found: /elasticsearch/.env
Not Found: /rabbitmq/.env
Not Found: /kafka/.env
Not Found: /queue/.env
Not Found: /worker/.env
Not Found: /job/.env
Not Found: /test/.env
Not Found: /qa/.env
Not Found: /preview/.env
Not Found: /beta/.env
Not Found: /uat/.env
Not Found: /stage/.env
Not Found: /development/.env
Not Found: /production/.env
Not Found: /config/app/.env
Not Found: /.env.vault
Not Found: /.env.fly
Not Found: /.env.railway
Not Found: /.env.render
Not Found: /.env.vercel
Not Found: /.env.supabase
Not Found: /.env.neon
Not Found: /phpinfo.php
Not Found: /info.php
Not Found: /php.php
Not Found: /i.php
Not Found: /pi.php
Not Found: /pinfo.php
Not Found: /test.php
Not Found: /phpinfo
Not Found: /p.php
Not Found: /debug.php
Not Found: /test/phpinfo.php
Not Found: /dev/phpinfo.php
Not Found: /old/phpinfo.php
Not Found: /tmp/phpinfo.php
Not Found: /public/phpinfo.php
Not Found: /info
Not Found: /php-info.php
Not Found: /phpversion.php
Not Found: /_phpinfo.php
Not Found: /old_phpinfo.php
Not Found: /server-info.php
Not Found: /server-status.php
Not Found: /_profiler/phpinfo
Not Found: /_environment
Not Found: /webroot/index.php/_environment
Not Found: /mail/phpinfo.php
Not Found: /cpanel/phpinfo.php
Not Found: /hosting/phpinfo.php
Not Found: /webmail/phpinfo.php
Not Found: /smtp/phpinfo.php
Not Found: /phpinfo.php.bak
Not Found: /phpinfo.php.old
Not Found: /phpinfo.php~
Not Found: /info.php.bak
Not Found: /phpinfo.php.save
Not Found: /staging/phpinfo.php
Not Found: /beta/phpinfo.php
Not Found: /uat/phpinfo.php
Not Found: /qa/phpinfo.php
Not Found: /preview/phpinfo.php
Not Found: /www/phpinfo.php
Not Found: /htdocs/phpinfo.php
Not Found: /public_html/phpinfo.php
Not Found: /site/phpinfo.php
Not Found: /docs/phpinfo.php
Not Found: /wp-admin/phpinfo.php
Not Found: /administrator/phpinfo.php
Not Found: /core/phpinfo.php
Not Found: /includes/phpinfo.php
Invalid HTTP_HOST header: 'www.vatalkingrv.com'. You may need to add 'www.vatalkingrv.com' to ALLOWED_HOSTS.
Bad Request: /
LOGIN_ATTEMPT username=admin
LOGIN_FOUND_BY_USERNAME username=admin active=True
LOGIN_PASSWORD_CHECK username=admin result=True
LOGIN_CAN_AUTHENTICATE username=admin result=True
LOGIN_SUCCESS user=admin
load_default_templates: categorie "Compte-rendu opératoire" not found, skipping "Césarienne"
load_default_templates: categorie "Compte-rendu opératoire" not found, skipping "Hystérectomie"
load_default_templates: categorie "Compte-rendu opératoire" not found, skipping "Hystéroscopie"
load_default_templates: categorie "Compte-rendu opératoire" not found, skipping "PUG Voie basse"
[2026-07-16 05:46:39 +0000] [29523] [INFO] Handling signal: term
[2026-07-16 06:46:39 +0100] [29525] [INFO] Worker exiting (pid: 29525)
[2026-07-16 06:46:39 +0100] [29526] [INFO] Worker exiting (pid: 29526)
[2026-07-16 06:46:39 +0100] [29524] [INFO] Worker exiting (pid: 29524)
[2026-07-16 05:46:48 +0000] [29523] [INFO] Shutting down: Master
[2026-07-16 05:46:59 +0000] [167143] [INFO] Starting gunicorn 26.0.0
[2026-07-16 05:46:59 +0000] [167143] [INFO] Listening at: http://127.0.0.1:8000 (167143)
[2026-07-16 05:46:59 +0000] [167143] [INFO] Using worker: sync
[2026-07-16 05:46:59 +0000] [167144] [INFO] Booting worker with pid: 167144
[2026-07-16 05:46:59 +0000] [167145] [INFO] Booting worker with pid: 167145
[2026-07-16 05:46:59 +0000] [167146] [INFO] Booting worker with pid: 167146
[2026-07-16 05:46:59 +0000] [167143] [INFO] Control socket listening at /root/.gunicorn/gunicorn.ctl
Running under gunicorn — skipping DICOM auto-start (use store.py separately)
Running under gunicorn — skipping DICOM auto-start (use store.py separately)
Running under gunicorn — skipping DICOM auto-start (use store.py separately)
Not Found: /administrator/components/com_jce/config.xml
LOGIN_ATTEMPT username=malek@gmail.com
LOGIN_USER_NOT_FOUND username=malek@gmail.com
LOGIN_FORM_INVALID wrong_credentials user=malek@gmail.com errors=* __all__
  * Saisissez un nom d’utilisateur et un mot de passe valides. Remarquez que chacun de ces champs est sensible à la casse (différenciation des majuscules/minuscules).
LOGIN_ATTEMPT username=root
LOGIN_USER_NOT_FOUND username=root
LOGIN_FORM_INVALID wrong_credentials user=root errors=* __all__
  * Please enter a correct username and password. Note that both fields may be case-sensitive.
LOGIN_ATTEMPT username=admin
LOGIN_FOUND_BY_USERNAME username=admin active=True
LOGIN_PASSWORD_CHECK username=admin result=True
LOGIN_CAN_AUTHENTICATE username=admin result=True
LOGIN_SUCCESS user=admin
Not Found: /administrator/components/com_jce/config.xml
Invalid HTTP_HOST header: '187.77.184.12'. You may need to add '187.77.184.12' to ALLOWED_HOSTS.
Bad Request: /
Invalid HTTP_HOST header: '187.77.184.12'. You may need to add '187.77.184.12' to ALLOWED_HOSTS.
Bad Request: /
Invalid HTTP_HOST header: '187.77.184.12'. You may need to add '187.77.184.12' to ALLOWED_HOSTS.
Bad Request: /
Invalid HTTP_HOST header: '187.77.184.12'. You may need to add '187.77.184.12' to ALLOWED_HOSTS.
Bad Request: /
Invalid HTTP_HOST header: 'api.pptfinders.com'. You may need to add 'api.pptfinders.com' to ALLOWED_HOSTS.
Bad Request: /static/marketing.png
Invalid HTTP_HOST header: 'clinicalgynecologists.space'. You may need to add 'clinicalgynecologists.space' to ALLOWED_HOSTS.
Bad Request: /
Invalid HTTP_HOST header: 'clinicalgynecologists.space'. You may need to add 'clinicalgynecologists.space' to ALLOWED_HOSTS.
Bad Request: /favicon.ico
Invalid HTTP_HOST header: '187.77.184.12'. You may need to add '187.77.184.12' to ALLOWED_HOSTS.
Bad Request: /
Invalid HTTP_HOST header: 'clinicalgynecologists.space'. You may need to add 'clinicalgynecologists.space' to ALLOWED_HOSTS.
Bad Request: /
Invalid HTTP_HOST header: 'clinicalgynecologists.space'. You may need to add 'clinicalgynecologists.space' to ALLOWED_HOSTS.
Bad Request: /favicon.ico
Invalid HTTP_HOST header: 'clinicalgynecologists.space'. You may need to add 'clinicalgynecologists.space' to ALLOWED_HOSTS.
Bad Request: /
Invalid HTTP_HOST header: 'clinicalgynecologists.space'. You may need to add 'clinicalgynecologists.space' to ALLOWED_HOSTS.
Bad Request: /favicon.ico
[2026-07-16 11:43:51 +0000] [167143] [INFO] Handling signal: term
[2026-07-16 12:43:51 +0100] [167144] [INFO] Worker exiting (pid: 167144)
[2026-07-16 12:43:51 +0100] [167146] [INFO] Worker exiting (pid: 167146)
[2026-07-16 12:43:51 +0100] [167145] [INFO] Worker exiting (pid: 167145)
