Using production settings
initializing core app
initializing chat app
Using production settings
initializing core app
initializing chat app
Using production settings
initializing core app
initializing chat app
Using production settings
initializing core app
initializing chat app
Using production settings
initializing core app
initializing chat app
Using production settings
initializing core app
initializing chat app
Using production settings
initializing core app
initializing chat app
Using production settings
initializing core app
initializing chat app
Using production settings
initializing core app
initializing chat app
Using production settings
initializing core app
initializing chat app
Using production settings
initializing core app
initializing chat app
raza
Using production settings
initializing core app
initializing chat app
Using production settings
initializing core app
initializing chat app
Using production settings
initializing core app
initializing chat app
Using production settings
initializing core app
initializing chat app
Using production settings
initializing core app
initializing chat app
test
Using production settings
initializing core app
initializing chat app
Order col 0 identifiant_unique
Filter  nom_naissance 
Filter  nom 
Filter  prenom 
Filter  date_naissance 
Filter  adresse 
Filter  telephone 
Filter   
Filter  ancien_numero 
Filter   
Using production settings
initializing core app
initializing chat app
Order col 0 identifiant_unique
Filter  nom_naissance 
Filter  nom 
Filter  prenom 
Filter  date_naissance 
Filter  adresse 
Filter  telephone 
Filter   
Filter  ancien_numero 
Filter   
Using production settings
initializing core app
initializing chat app
Order col 0 identifiant_unique
Filter  nom_naissance 
Filter  nom 
Filter  prenom 
Filter  date_naissance 
Filter  adresse 
Filter  telephone 
Filter   
Filter  ancien_numero 
Filter   
Using production settings
initializing core app
initializing chat app
Using production settings
initializing core app
initializing chat app
Order col 0 identifiant_unique
Filter  nom_naissance 
Filter  nom 
Filter  prenom 
Filter  date_naissance 
Filter  adresse 
Filter  telephone 
Filter   
Filter  ancien_numero 
Filter   
