DICOM Worklist/MPPS server started (port 11112)
DICOM Storage server started (port 11113)
DICOM Worklist/MPPS server started (port 11112)
DICOM Storage server started (port 11113)
DICOM Worklist/MPPS server started (port 11112)
DICOM Storage server started (port 11113)
DICOM Worklist/MPPS server started (port 11112)
DICOM Storage server started (port 11113)
DICOM Worklist/MPPS server started (port 11112)
DICOM Storage server started (port 11113)
DICOM Worklist/MPPS server started (port 11112)
DICOM Storage server started (port 11113)
DICOM Worklist/MPPS server started (port 11112)
DICOM Storage server started (port 11113)
DICOM Worklist/MPPS server started (port 11112)
DICOM Storage server started (port 11113)
Running under gunicorn — skipping DICOM auto-start (use store.py separately)
Running under gunicorn — skipping DICOM auto-start (use store.py separately)
Running under gunicorn — skipping DICOM auto-start (use store.py separately)
DICOM Worklist/MPPS server started (port 11112)
DICOM Storage server started (port 11113)
DICOM Worklist/MPPS server started (port 11112)
DICOM Storage server started (port 11113)
DICOM Worklist/MPPS server started (port 11112)
DICOM Storage server started (port 11113)
DICOM Worklist/MPPS server started (port 11112)
DICOM Storage server started (port 11113)
DICOM Worklist/MPPS server started (port 11112)
DICOM Storage server started (port 11113)
DICOM Worklist/MPPS server started (port 11112)
DICOM Storage server started (port 11113)
DICOM Worklist/MPPS server started (port 11112)
DICOM Storage server started (port 11113)
DICOM Worklist/MPPS server started (port 11112)
DICOM Storage server started (port 11113)
DICOM Worklist/MPPS server started (port 11112)
DICOM Storage server started (port 11113)
DICOM Worklist/MPPS server started (port 11112)
DICOM Storage server started (port 11113)
DICOM Worklist/MPPS server started (port 11112)
DICOM Storage server started (port 11113)
DICOM Worklist/MPPS server started (port 11112)
DICOM Storage server started (port 11113)
DICOM Worklist/MPPS server started (port 11112)
DICOM Storage server started (port 11113)
DICOM Worklist/MPPS server started (port 11112)
DICOM Storage server started (port 11113)
DICOM Worklist/MPPS server started (port 11112)
DICOM Storage server started (port 11113)
DICOM Worklist/MPPS server started (port 11112)
DICOM Storage server started (port 11113)
DICOM Worklist/MPPS server started (port 11112)
DICOM Storage server started (port 11113)
DICOM Worklist/MPPS server started (port 11112)
DICOM Storage server started (port 11113)
DICOM Worklist/MPPS server started (port 11112)
DICOM Storage server started (port 11113)
DICOM Worklist/MPPS server started (port 11112)
DICOM Storage server started (port 11113)
DICOM Worklist/MPPS server started (port 11112)
DICOM Storage server started (port 11113)
DICOM Worklist/MPPS server started (port 11112)
DICOM Storage server started (port 11113)
DICOM Worklist/MPPS server started (port 11112)
DICOM Storage server started (port 11113)
DICOM Worklist/MPPS server started (port 11112)
DICOM Storage server started (port 11113)
DICOM Worklist/MPPS server started (port 11112)
DICOM Storage server started (port 11113)
DICOM Worklist/MPPS server started (port 11112)
DICOM Storage server started (port 11113)
DICOM Worklist/MPPS server started (port 11112)
DICOM Storage server started (port 11113)
DICOM Worklist/MPPS server started (port 11112)
DICOM Storage server started (port 11113)
DICOM Worklist/MPPS server started (port 11112)
DICOM Storage server started (port 11113)
DICOM Worklist/MPPS server started (port 11112)
DICOM Storage server started (port 11113)
DICOM Worklist/MPPS server started (port 11112)
DICOM Storage server started (port 11113)
DICOM Worklist/MPPS server started (port 11112)
DICOM Storage server started (port 11113)
DICOM Worklist/MPPS server started (port 11112)
DICOM Storage server started (port 11113)
DICOM Worklist/MPPS server started (port 11112)
DICOM Storage server started (port 11113)
DICOM Worklist/MPPS server started (port 11112)
DICOM Storage server started (port 11113)
DICOM Worklist/MPPS server started (port 11112)
DICOM Storage server started (port 11113)
DICOM Worklist/MPPS server started (port 11112)
DICOM Storage server started (port 11113)
DICOM Worklist/MPPS server started (port 11112)
DICOM Storage server started (port 11113)
DICOM Worklist/MPPS server started (port 11112)
DICOM Storage server started (port 11113)
DICOM Worklist/MPPS server started (port 11112)
DICOM Storage server started (port 11113)
DICOM Worklist/MPPS server started (port 11112)
DICOM Storage server started (port 11113)
DICOM Worklist/MPPS server started (port 11112)
DICOM Storage server started (port 11113)
DICOM Worklist/MPPS server started (port 11112)
DICOM Storage server started (port 11113)
DICOM Worklist/MPPS server started (port 11112)
DICOM Storage server started (port 11113)
DICOM Worklist/MPPS server started (port 11112)
DICOM Storage server started (port 11113)
DICOM Worklist/MPPS server started (port 11112)
DICOM Storage server started (port 11113)
DICOM Worklist/MPPS server started (port 11112)
DICOM Storage server started (port 11113)
DICOM Worklist/MPPS server started (port 11112)
DICOM Storage server started (port 11113)
DICOM Worklist/MPPS server started (port 11112)
DICOM Storage server started (port 11113)
DICOM Worklist/MPPS server started (port 11112)
DICOM Storage server started (port 11113)
LOGIN_ATTEMPT username=raza
LOGIN_FOUND_BY_USERNAME username=raza active=True
LOGIN_PASSWORD_CHECK username=raza result=True
LOGIN_CAN_AUTHENTICATE username=raza result=True
LOGIN_SUCCESS user=raza
DICOM Worklist/MPPS server started (port 11112)
DICOM Storage server started (port 11113)
DICOM Worklist/MPPS server started (port 11112)
DICOM Storage server started (port 11113)
DICOM Worklist/MPPS server started (port 11112)
DICOM Storage server started (port 11113)
DICOM Worklist/MPPS server started (port 11112)
DICOM Storage server started (port 11113)
DICOM Worklist/MPPS server started (port 11112)
DICOM Storage server started (port 11113)
DICOM Worklist/MPPS server started (port 11112)
DICOM Storage server started (port 11113)
DICOM Worklist/MPPS server started (port 11112)
DICOM Storage server started (port 11113)
DICOM Worklist/MPPS server started (port 11112)
DICOM Storage server started (port 11113)
DICOM Worklist/MPPS server started (port 11112)
DICOM Storage server started (port 11113)
DICOM Worklist/MPPS server started (port 11112)
DICOM Storage server started (port 11113)
DICOM Worklist/MPPS server started (port 11112)
DICOM Storage server started (port 11113)
DICOM Worklist/MPPS server started (port 11112)
DICOM Storage server started (port 11113)
DICOM Worklist/MPPS server started (port 11112)
DICOM Storage server started (port 11113)
DICOM Worklist/MPPS server started (port 11112)
DICOM Storage server started (port 11113)
DICOM Worklist/MPPS server started (port 11112)
DICOM Storage server started (port 11113)
DICOM Worklist/MPPS server started (port 11112)
DICOM Storage server started (port 11113)
DICOM Worklist/MPPS server started (port 11112)
DICOM Storage server started (port 11113)
DICOM Worklist/MPPS server started (port 11112)
DICOM Storage server started (port 11113)
DICOM Worklist/MPPS server started (port 11112)
DICOM Storage server started (port 11113)
DICOM Worklist/MPPS server started (port 11112)
DICOM Storage server started (port 11113)
DICOM Worklist/MPPS server started (port 11112)
DICOM Storage server started (port 11113)
DICOM Worklist/MPPS server started (port 11112)
DICOM Storage server started (port 11113)
DICOM Worklist/MPPS server started (port 11112)
DICOM Storage server started (port 11113)
DICOM Worklist/MPPS server started (port 11112)
DICOM Storage server started (port 11113)
DICOM Worklist/MPPS server started (port 11112)
DICOM Storage server started (port 11113)
DICOM Worklist/MPPS server started (port 11112)
DICOM Storage server started (port 11113)
DICOM Worklist/MPPS server started (port 11112)
DICOM Storage server started (port 11113)
DICOM Worklist/MPPS server started (port 11112)
DICOM Storage server started (port 11113)
DICOM Worklist/MPPS server started (port 11112)
DICOM Storage server started (port 11113)
DICOM Worklist/MPPS server started (port 11112)
DICOM Storage server started (port 11113)
DICOM Worklist/MPPS server started (port 11112)
DICOM Storage server started (port 11113)
DICOM Worklist/MPPS server started (port 11112)
DICOM Storage server started (port 11113)
DICOM Worklist/MPPS server started (port 11112)
DICOM Storage server started (port 11113)
DICOM Worklist/MPPS server started (port 11112)
DICOM Storage server started (port 11113)
DICOM Worklist/MPPS server started (port 11112)
DICOM Storage server started (port 11113)
DICOM Worklist/MPPS server started (port 11112)
DICOM Storage server started (port 11113)
DICOM Worklist/MPPS server started (port 11112)
DICOM Storage server started (port 11113)
DICOM Worklist/MPPS server started (port 11112)
DICOM Storage server started (port 11113)
DICOM Worklist/MPPS server started (port 11112)
DICOM Storage server started (port 11113)
DICOM Worklist/MPPS server started (port 11112)
DICOM Storage server started (port 11113)
DICOM Worklist/MPPS server started (port 11112)
DICOM Storage server started (port 11113)
DICOM Worklist/MPPS server started (port 11112)
DICOM Storage server started (port 11113)
DICOM Worklist/MPPS server started (port 11112)
DICOM Storage server started (port 11113)
DICOM Worklist/MPPS server started (port 11112)
DICOM Storage server started (port 11113)
DICOM Worklist/MPPS server started (port 11112)
DICOM Storage server started (port 11113)
DICOM Worklist/MPPS server started (port 11112)
DICOM Storage server started (port 11113)
DICOM Worklist/MPPS server started (port 11112)
DICOM Storage server started (port 11113)
DICOM Worklist/MPPS server started (port 11112)
DICOM Storage server started (port 11113)
DICOM Worklist/MPPS server started (port 11112)
DICOM Storage server started (port 11113)
DICOM Worklist/MPPS server started (port 11112)
DICOM Storage server started (port 11113)
DICOM Worklist/MPPS server started (port 11112)
DICOM Storage server started (port 11113)
DICOM Worklist/MPPS server started (port 11112)
DICOM Storage server started (port 11113)
DICOM Worklist/MPPS server started (port 11112)
DICOM Storage server started (port 11113)
DICOM Worklist/MPPS server started (port 11112)
DICOM Storage server started (port 11113)
DICOM Worklist/MPPS server started (port 11112)
DICOM Storage server started (port 11113)
DICOM Worklist/MPPS server started (port 11112)
DICOM Storage server started (port 11113)
DICOM Worklist/MPPS server started (port 11112)
DICOM Storage server started (port 11113)
DICOM Worklist/MPPS server started (port 11112)
DICOM Storage server started (port 11113)
DICOM Worklist/MPPS server started (port 11112)
DICOM Storage server started (port 11113)
DICOM Worklist/MPPS server started (port 11112)
DICOM Storage server started (port 11113)
DICOM Worklist/MPPS server started (port 11112)
DICOM Storage server started (port 11113)
DICOM Worklist/MPPS server started (port 11112)
DICOM Storage server started (port 11113)
DICOM Worklist/MPPS server started (port 11112)
DICOM Storage server started (port 11113)
DICOM Worklist/MPPS server started (port 11112)
DICOM Storage server started (port 11113)
DICOM Worklist/MPPS server started (port 11112)
DICOM Storage server started (port 11113)
DICOM Worklist/MPPS server started (port 11112)
DICOM Storage server started (port 11113)
DICOM Worklist/MPPS server started (port 11112)
DICOM Storage server started (port 11113)
DICOM Worklist/MPPS server started (port 11112)
DICOM Storage server started (port 11113)
DICOM Worklist/MPPS server started (port 11112)
DICOM Storage server started (port 11113)
DICOM Worklist/MPPS server started (port 11112)
DICOM Storage server started (port 11113)
DICOM Worklist/MPPS server started (port 11112)
DICOM Storage server started (port 11113)
DICOM Worklist/MPPS server started (port 11112)
DICOM Storage server started (port 11113)
DICOM Worklist/MPPS server started (port 11112)
DICOM Storage server started (port 11113)
DICOM Worklist/MPPS server started (port 11112)
DICOM Storage server started (port 11113)
DICOM Worklist/MPPS server started (port 11112)
DICOM Storage server started (port 11113)
DICOM Worklist/MPPS server started (port 11112)
DICOM Storage server started (port 11113)
DICOM Worklist/MPPS server started (port 11112)
DICOM Storage server started (port 11113)
DICOM Worklist/MPPS server started (port 11112)
DICOM Storage server started (port 11113)
DICOM Worklist/MPPS server started (port 11112)
DICOM Storage server started (port 11113)
DICOM Worklist/MPPS server started (port 11112)
DICOM Storage server started (port 11113)
DICOM Worklist/MPPS server started (port 11112)
DICOM Storage server started (port 11113)
DICOM Worklist/MPPS server started (port 11112)
DICOM Storage server started (port 11113)
DICOM Worklist/MPPS server started (port 11112)
DICOM Storage server started (port 11113)
DICOM Worklist/MPPS server started (port 11112)
DICOM Storage server started (port 11113)
DICOM Worklist/MPPS server started (port 11112)
DICOM Storage server started (port 11113)
DICOM Worklist/MPPS server started (port 11112)
DICOM Storage server started (port 11113)
DICOM Worklist/MPPS server started (port 11112)
DICOM Storage server started (port 11113)
DICOM Worklist/MPPS server started (port 11112)
DICOM Storage server started (port 11113)
DICOM Worklist/MPPS server started (port 11112)
DICOM Storage server started (port 11113)
DICOM Worklist/MPPS server started (port 11112)
DICOM Storage server started (port 11113)
DICOM Worklist/MPPS server started (port 11112)
DICOM Storage server started (port 11113)
DICOM Worklist/MPPS server started (port 11112)
DICOM Storage server started (port 11113)
DICOM Worklist/MPPS server started (port 11112)
DICOM Storage server started (port 11113)
DICOM Worklist/MPPS server started (port 11112)
DICOM Storage server started (port 11113)
DICOM Worklist/MPPS server started (port 11112)
DICOM Storage server started (port 11113)
DICOM Worklist/MPPS server started (port 11112)
DICOM Storage server started (port 11113)
DICOM Worklist/MPPS server started (port 11112)
DICOM Storage server started (port 11113)
DICOM Worklist/MPPS server started (port 11112)
DICOM Storage server started (port 11113)
DICOM Worklist/MPPS server started (port 11112)
DICOM Storage server started (port 11113)
DICOM Worklist/MPPS server started (port 11112)
DICOM Storage server started (port 11113)
DICOM Worklist/MPPS server started (port 11112)
DICOM Storage server started (port 11113)
DICOM Worklist/MPPS server started (port 11112)
DICOM Storage server started (port 11113)
DICOM Worklist/MPPS server started (port 11112)
DICOM Storage server started (port 11113)
DICOM Worklist/MPPS server started (port 11112)
DICOM Storage server started (port 11113)
DICOM Worklist/MPPS server started (port 11112)
DICOM Storage server started (port 11113)
DICOM Worklist/MPPS server started (port 11112)
DICOM Storage server started (port 11113)
DICOM Worklist/MPPS server started (port 11112)
DICOM Storage server started (port 11113)
DICOM Worklist/MPPS server started (port 11112)
DICOM Storage server started (port 11113)
DICOM Worklist/MPPS server started (port 11112)
DICOM Storage server started (port 11113)
DICOM Worklist/MPPS server started (port 11112)
DICOM Storage server started (port 11113)
DICOM Worklist/MPPS server started (port 11112)
DICOM Storage server started (port 11113)
DICOM Worklist/MPPS server started (port 11112)
DICOM Storage server started (port 11113)
DICOM Worklist/MPPS server started (port 11112)
DICOM Storage server started (port 11113)
DICOM Worklist/MPPS server started (port 11112)
DICOM Storage server started (port 11113)
DICOM Worklist/MPPS server started (port 11112)
DICOM Storage server started (port 11113)
DICOM Worklist/MPPS server started (port 11112)
DICOM Storage server started (port 11113)
DICOM Worklist/MPPS server started (port 11112)
DICOM Storage server started (port 11113)
DICOM Worklist/MPPS server started (port 11112)
DICOM Storage server started (port 11113)
DICOM Worklist/MPPS server started (port 11112)
DICOM Storage server started (port 11113)
DICOM Worklist/MPPS server started (port 11112)
DICOM Storage server started (port 11113)
DICOM Worklist/MPPS server started (port 11112)
DICOM Storage server started (port 11113)
DICOM Worklist/MPPS server started (port 11112)
DICOM Storage server started (port 11113)
DICOM Worklist/MPPS server started (port 11112)
DICOM Storage server started (port 11113)
DICOM Worklist/MPPS server started (port 11112)
DICOM Storage server started (port 11113)
DICOM Worklist/MPPS server started (port 11112)
DICOM Storage server started (port 11113)
DICOM Worklist/MPPS server started (port 11112)
DICOM Storage server started (port 11113)
DICOM Worklist/MPPS server started (port 11112)
DICOM Storage server started (port 11113)
DICOM Worklist/MPPS server started (port 11112)
DICOM Storage server started (port 11113)
DICOM Worklist/MPPS server started (port 11112)
DICOM Storage server started (port 11113)
DICOM Worklist/MPPS server started (port 11112)
DICOM Storage server started (port 11113)
DICOM Worklist/MPPS server started (port 11112)
DICOM Storage server started (port 11113)
DICOM Worklist/MPPS server started (port 11112)
DICOM Storage server started (port 11113)
DICOM Worklist/MPPS server started (port 11112)
DICOM Storage server started (port 11113)
DICOM Worklist/MPPS server started (port 11112)
DICOM Storage server started (port 11113)
DICOM Worklist/MPPS server started (port 11112)
DICOM Storage server started (port 11113)
DICOM Worklist/MPPS server started (port 11112)
DICOM Storage server started (port 11113)
DICOM Worklist/MPPS server started (port 11112)
DICOM Storage server started (port 11113)
DICOM Worklist/MPPS server started (port 11112)
DICOM Storage server started (port 11113)
DICOM Worklist/MPPS server started (port 11112)
DICOM Storage server started (port 11113)
DICOM Worklist/MPPS server started (port 11112)
DICOM Storage server started (port 11113)
DICOM Worklist/MPPS server started (port 11112)
DICOM Storage server started (port 11113)
DICOM Worklist/MPPS server started (port 11112)
DICOM Storage server started (port 11113)
DICOM Worklist/MPPS server started (port 11112)
DICOM Storage server started (port 11113)
DICOM Worklist/MPPS server started (port 11112)
DICOM Storage server started (port 11113)
DICOM Worklist/MPPS server started (port 11112)
DICOM Storage server started (port 11113)
DICOM Worklist/MPPS server started (port 11112)
DICOM Storage server started (port 11113)
DICOM Worklist/MPPS server started (port 11112)
DICOM Storage server started (port 11113)
DICOM Worklist/MPPS server started (port 11112)
DICOM Storage server started (port 11113)
DICOM Worklist/MPPS server started (port 11112)
DICOM Storage server started (port 11113)
DICOM Worklist/MPPS server started (port 11112)
DICOM Storage server started (port 11113)
DICOM Worklist/MPPS server started (port 11112)
DICOM Storage server started (port 11113)
DICOM Worklist/MPPS server started (port 11112)
DICOM Storage server started (port 11113)
DICOM Worklist/MPPS server started (port 11112)
DICOM Storage server started (port 11113)
DICOM Worklist/MPPS server started (port 11112)
DICOM Storage server started (port 11113)
DICOM Worklist/MPPS server started (port 11112)
DICOM Storage server started (port 11113)
DICOM Worklist/MPPS server started (port 11112)
DICOM Storage server started (port 11113)
DICOM Worklist/MPPS server started (port 11112)
DICOM Storage server started (port 11113)
DICOM Worklist/MPPS server started (port 11112)
DICOM Storage server started (port 11113)
DICOM Worklist/MPPS server started (port 11112)
DICOM Storage server started (port 11113)
DICOM Worklist/MPPS server started (port 11112)
DICOM Storage server started (port 11113)
DICOM Worklist/MPPS server started (port 11112)
DICOM Storage server started (port 11113)
DICOM Worklist/MPPS server started (port 11112)
DICOM Storage server started (port 11113)
DICOM Worklist/MPPS server started (port 11112)
DICOM Storage server started (port 11113)
DICOM Worklist/MPPS server started (port 11112)
DICOM Storage server started (port 11113)
DICOM Worklist/MPPS server started (port 11112)
DICOM Storage server started (port 11113)
DICOM Worklist/MPPS server started (port 11112)
DICOM Storage server started (port 11113)
DICOM Worklist/MPPS server started (port 11112)
DICOM Storage server started (port 11113)
DICOM Worklist/MPPS server started (port 11112)
DICOM Storage server started (port 11113)
DICOM Worklist/MPPS server started (port 11112)
DICOM Storage server started (port 11113)
DICOM Worklist/MPPS server started (port 11112)
DICOM Storage server started (port 11113)
DICOM Worklist/MPPS server started (port 11112)
DICOM Storage server started (port 11113)
DICOM Worklist/MPPS server started (port 11112)
DICOM Storage server started (port 11113)
DICOM Worklist/MPPS server started (port 11112)
DICOM Storage server started (port 11113)
DICOM Worklist/MPPS server started (port 11112)
DICOM Storage server started (port 11113)
DICOM Worklist/MPPS server started (port 11112)
DICOM Storage server started (port 11113)
DICOM Worklist/MPPS server started (port 11112)
DICOM Storage server started (port 11113)
DICOM Worklist/MPPS server started (port 11112)
DICOM Storage server started (port 11113)
DICOM Worklist/MPPS server started (port 11112)
DICOM Storage server started (port 11113)
DICOM Worklist/MPPS server started (port 11112)
DICOM Storage server started (port 11113)
LOGIN_ATTEMPT username=raza
LOGIN_FOUND_BY_USERNAME username=raza active=True
LOGIN_PASSWORD_CHECK username=raza result=True
LOGIN_CAN_AUTHENTICATE username=raza result=True
LOGIN_SUCCESS user=raza
LOGIN_ATTEMPT username=admin
LOGIN_FOUND_BY_USERNAME username=admin active=True
LOGIN_PASSWORD_CHECK username=admin result=True
LOGIN_CAN_AUTHENTICATE username=admin result=True
LOGIN_SUCCESS user=admin
load_default_templates: categorie "Compte-rendu opératoire" not found, skipping "Césarienne"
load_default_templates: categorie "Compte-rendu opératoire" not found, skipping "Hystérectomie"
load_default_templates: categorie "Compte-rendu opératoire" not found, skipping "Hystéroscopie"
load_default_templates: categorie "Compte-rendu opératoire" not found, skipping "PUG Voie basse"
Running under gunicorn — skipping DICOM auto-start (use store.py separately)
Running under gunicorn — skipping DICOM auto-start (use store.py separately)
Running under gunicorn — skipping DICOM auto-start (use store.py separately)
DICOM Worklist/MPPS server started (port 11112)
DICOM Storage server started (port 11113)
LOGIN_ATTEMPT username=malek@gmail.com
LOGIN_USER_NOT_FOUND username=malek@gmail.com
LOGIN_FORM_INVALID wrong_credentials user=malek@gmail.com errors=* __all__
  * Saisissez un nom d’utilisateur et un mot de passe valides. Remarquez que chacun de ces champs est sensible à la casse (différenciation des majuscules/minuscules).
LOGIN_ATTEMPT username=root
LOGIN_USER_NOT_FOUND username=root
LOGIN_FORM_INVALID wrong_credentials user=root errors=* __all__
  * Please enter a correct username and password. Note that both fields may be case-sensitive.
LOGIN_ATTEMPT username=admin
LOGIN_FOUND_BY_USERNAME username=admin active=True
LOGIN_PASSWORD_CHECK username=admin result=True
LOGIN_CAN_AUTHENTICATE username=admin result=True
LOGIN_SUCCESS user=admin
